d:\git\dma_ip_drivers\qdma\windows\build\x64\release\libqdma\qdma.pdb
d:\git\dma_ip_drivers\qdma\windows\.tmp\x64\release\libqdma\xpcie.obj
d:\git\dma_ip_drivers\qdma\windows\.tmp\x64\release\libqdma\thread.obj
d:\git\dma_ip_drivers\qdma\windows\.tmp\x64\release\libqdma\qdma_platform.obj
d:\git\dma_ip_drivers\qdma\windows\.tmp\x64\release\libqdma\qdma_soft_access.obj
d:\git\dma_ip_drivers\qdma\windows\.tmp\x64\release\libqdma\qdma_s80_hard_reg_dump.obj
d:\git\dma_ip_drivers\qdma\windows\.tmp\x64\release\libqdma\qdma_s80_hard_access.obj
d:\git\dma_ip_drivers\qdma\windows\.tmp\x64\release\libqdma\qdma_resource_mgmt.obj
d:\git\dma_ip_drivers\qdma\windows\.tmp\x64\release\libqdma\qdma_list.obj
d:\git\dma_ip_drivers\qdma\windows\.tmp\x64\release\libqdma\qdma_access_common.obj
d:\git\dma_ip_drivers\qdma\windows\.tmp\x64\release\libqdma\eqdma_soft_reg_dump.obj
d:\git\dma_ip_drivers\qdma\windows\.tmp\x64\release\libqdma\eqdma_soft_access.obj
d:\git\dma_ip_drivers\qdma\windows\.tmp\x64\release\libqdma\qdma.obj
d:\git\dma_ip_drivers\qdma\windows\.tmp\x64\release\libqdma\interrupts.obj
d:\git\dma_ip_drivers\qdma\windows\build\x64\release\libqdma\qdma.lib
d:\git\dma_ip_drivers\qdma\windows\.tmp\x64\release\libqdma\libqdma.vcxproj.filelistabsolute.txt
d:\git\dma_ip_drivers\qdma\windows\.tmp\x64\release\libqdma\libqdma.tlog\cl.command.1.tlog
d:\git\dma_ip_drivers\qdma\windows\.tmp\x64\release\libqdma\libqdma.tlog\cl.items.tlog
d:\git\dma_ip_drivers\qdma\windows\.tmp\x64\release\libqdma\libqdma.tlog\cl.read.1.tlog
d:\git\dma_ip_drivers\qdma\windows\.tmp\x64\release\libqdma\libqdma.tlog\cl.write.1.tlog
d:\git\dma_ip_drivers\qdma\windows\.tmp\x64\release\libqdma\libqdma.tlog\lib-link.read.1.tlog
d:\git\dma_ip_drivers\qdma\windows\.tmp\x64\release\libqdma\libqdma.tlog\lib-link.write.1.tlog
d:\git\dma_ip_drivers\qdma\windows\.tmp\x64\release\libqdma\libqdma.tlog\lib.command.1.tlog
